Tue Sep 15 05:06:33 UTC 2026 - TBH update
Wed Sep 16 05:02:07 UTC 2026 - TBH update
Thu Sep 17 05:04:34 UTC 2026 - TBH update
Fri Sep 18 04:56:55 UTC 2026 - TBH update
Sat Sep 19 04:50:02 UTC 2026 - TBH update
Sun Sep 20 05:06:59 UTC 2026 - TBH update
Mon Sep 21 05:12:35 UTC 2026 - TBH update
Tue Sep 22 05:12:57 UTC 2026 - TBH update
Wed Sep 23 04:57:00 UTC 2026 - TBH update
Thu Sep 24 05:07:38 UTC 2026 - TBH update
Fri Sep 25 05:09:33 UTC 2026 - TBH update
Sat Sep 26 05:15:23 UTC 2026 - TBH update
Sun Sep 27 05:29:55 UTC 2026 - TBH update
Mon Sep 28 05:39:57 UTC 2026 - TBH update
Tue Sep 29 05:57:23 UTC 2026 - TBH update
Thu Oct  1 06:16:30 UTC 2026 - TBH update
Fri Oct  2 05:57:30 UTC 2026 - TBH update
Sat Oct  3 05:32:13 UTC 2026 - TBH update
Sun Oct  4 06:07:33 UTC 2026 - TBH update
Mon Oct  5 05:59:50 UTC 2026 - TBH update
Tue Oct  6 06:38:19 UTC 2026 - TBH update
Wed Oct  7 06:15:26 UTC 2026 - TBH update
Thu Oct  8 06:24:45 UTC 2026 - TBH update
